// Jest Snapshot v1, https://goo.gl/fbAQLP

exports[`pokemonPage should match with snapshot when pokemons have been loaded 1`] = `
<div>
  <h1>¿Quién es este pokémon?</h1>
  <pokemon-picture-stub pokemonid="1" showpokemon="false"></pokemon-picture-stub>
  <pokemon-options-stub pokemons="[object Object],[object Object],[object Object],[object Object]"></pokemon-options-stub>
  <!--v-if-->
</div>
`;
